// Jest Snapshot v1, https://goo.gl/fbAQLP

exports[`App createRoots App component correctly 1`] = `
<DocumentFragment>
  <div
    class="App"
  >
    <div
      class="navbar"
    >
      <img
        alt="logo"
        class="logo"
        src="estate-logo.png"
      />
      <ul
        class="navbar-links"
      >
        <a
          aria-current="page"
          class="navbar-links-item active"
          href="/"
        >
          <li>
            View Properties
          </li>
        </a>
        <a
          class="navbar-links-item"
          href="/add-property"
        >
          <li>
            Add Property
          </li>
        </a>
      </ul>
    </div>
  </div>
  <div
    class="property-card-cont"
  >
    <div
      class="property-card"
    >
      <img
        alt="house"
        class="2-kings"
        src="2-kings.png"
      />
      <ul
        class="property-details"
      >
        <li
          class="card-title"
        >
          nice house
        </li>
        <li
          class="card-type"
        >
          flat
        </li>
        <li
          class="card-beds"
        >
          2
        </li>
        <li
          class="card-baths"
        >
          2
        </li>
        <li
          class="card-city"
        >
          Manchester
        </li>
        <li
          class="card-price"
        >
          Â£100000
        </li>
        <li
          class="card-email"
        >
          joe@surreal
        </li>
      </ul>
    </div>
  </div>
</DocumentFragment>
`;
