// Jest Snapshot v1, https://goo.gl/fbAQLP

exports[`View NavBar renders navbar when page is loaded 1`] = `
<DocumentFragment>
  <div
    class="navbar"
  >
    <img
      alt="logo"
      class="logo"
      src="estate-logo.png"
    />
    <ul
      class="navbar-links"
    >
      <a
        aria-current="page"
        class="navbar-links-item selected-link"
        href="/"
      >
        <li
          class="navbar-label"
        >
          View Properties
        </li>
      </a>
      <a
        class="navbar-links-item"
        href="/add-property"
      >
        <li
          class="navbar-label"
        >
          Add Property
        </li>
      </a>
    </ul>
  </div>
</DocumentFragment>
`;
