// Jest Snapshot v1, https://goo.gl/fbAQLP

exports[`View Properties page renders property cards container when GET request returns results 1`] = `
<DocumentFragment>
  <div
    class="property-card-cont"
  />
</DocumentFragment>
`;
